npx.cmd : '"node"' is not recognized as an internal or external command,
At line:1 char:1
+ & "C:\Program Files\nodejs\npx.cmd" tsc --noEmit --pretty false 2>&1  ...
+ ~~~~~~~~~~~~~~~~~~~~~~~~~~~~~~~~~~~~~~~~~~~~~~~~~~~~~~~~~~~~~~~~~~~~
    + CategoryInfo          : NotSpecified: ('"node"' is not...ternal command,:String) [], RemoteException
    + FullyQualifiedErrorId : NativeCommandError
 
operable program or batch file.
